// Jest Snapshot v1, https://goo.gl/fbAQLP

exports[`Feed page should match snapshot 1`] = `
<main
  className="MuiContainer-root MuiContainer-maxWidthLg"
>
  <div
    className="MuiPaper-root MuiCard-root MuiPaper-elevation1 MuiPaper-rounded"
  >
    <div
      className="MuiCardContent-root"
    >
      Nome da pessoa entrou na Jornada UOU
    </div>
    <div
      className="MuiCardActions-root MuiCardActions-spacing"
    />
  </div>
</main>
`;
